
> engify-ai-app@1.0.0 build
> next build

sh: 1: next: not found
